00:00 +0: loading C:/Users/Raman/campus_mentor/test/widget_test.dart
00:00 +0: StriveCampus smoke test
00:00 +1: All tests passed!
